// Jest Snapshot v1, https://goo.gl/fbAQLP

exports[`SG OpenLaw should parse getCaseByCitation result correctly 1`] = `[]`;

exports[`SG OpenLaw should send valid request for getCaseByCitation 1`] = `
[
  [
    "https://api.lawnet.sg/lawnet/search-service/api/lawnetcore/search/supreme-court",
    {
      "data": {
        "filters": null,
        "includeDraft": "true",
        "orderBy": "relevancy-desc",
        "pageLength": 10,
        "searchDatabase": "allOfLawnet",
        "searchQuery": ""[1999] SGHC 283"",
        "searchSource": null,
        "start": 1,
      },
      "info": {
        "appId": "APP_LAWNET_ONE",
        "sessionId": null,
        "userDevice": {
          "isBot": false,
        },
        "userId": 0,
        "userName": null,
      },
    },
    {
      "headers": {
        "Auth-Type": "Public",
      },
    },
  ],
]
`;
