// Jest Snapshot v1, https://goo.gl/fbAQLP

exports[`useSearch correctly sets search results 1`] = `
[
  {
    "citation": "[2022] EWHC 160",
    "database": {
      "icon": "",
      "id": "UK_bailii",
      "name": "BAILII",
      "url": "https://www.bailii.org/",
    },
    "jurisdiction": "UK",
    "links": [],
    "name": "Stadler v Currys Group",
    "type": "case-citation",
  },
  {
    "citation": "[2022] EWHC 1379 (IPEC)",
    "database": {
      "icon": "",
      "id": "UK_bailii",
      "name": "BAILII",
      "url": "https://www.bailii.org/",
    },
    "jurisdiction": "UK",
    "links": [],
    "name": "Shazam Productions v Only Fools the Dining Experience",
    "type": "case-citation",
  },
]
`;
